CREATE TABLE sys_default_definitions_vu_prepare
(
column_a varchar(2) COLLATE SQL_Latin1_General_CP1_CI_AS NOT NULL DEFAULT ('12'),
column_b datetime NOT NULL DEFAULT getdate(),
column_c int NOT NULL DEFAULT 0,
column_d bit DEFAULT 1,
column_e int
)
GO
