SELECT type, type_desc from sys.procedures  where name like 'babel_2747__vu_prepare%' order by type;
GO
~~START~~
char#!#nvarchar
FN#!#SQL_SCALAR_FUNCTION
P #!#SQL_STORED_PROCEDURE
TR#!#SQL_TRIGGER
~~END~~


SELECT type, type_desc from sys.all_objects  where name like 'babel_2747__vu_prepare%' order by type;
GO
~~START~~
char#!#nvarchar
IF#!#SQL_INLINE_TABLE_VALUED_FUNCTION
P #!#SQL_STORED_PROCEDURE
TR#!#SQL_TRIGGER
U #!#USER_TABLE
~~END~~

