DROP PROCEDURE babel_2747_vu_prepare
GO

DROP PROCEDURE babel_2747__vu_prepare_2
GO

DROP FUNCTION babel_2747__vu_prepare_3
GO

DROP TABLE babel_2747__vu_prepare_t1
GO
