SELECT definition FROM sys.check_constraints where name LIKE '%sys_check_constraints_t2%' ORDER BY name;
GO
~~START~~
nvarchar
((column_a = 0))
((column_b <> 'wrong'))
~~END~~


SELECT COUNT(*) FROM sys.all_columns WHERE object_id = object_id('sys.check_constraints');
GO
~~START~~
int
19
~~END~~
