

-- Simple test to make sure to catch any changes to the sys.type_info_internal view.
-- If the changes are intentional the expected result of this test should be modified.
SELECT pg_type_name, tsql_type_name
FROM sys.type_info_internal;
GO
~~START~~
text#!#text
sql_variant#!#sql_variant
datetimeoffset#!#datetimeoffset
datetime2#!#datetime2
datetime#!#datetime
smalldatetime#!#smalldatetime
date#!#date
time#!#time
float8#!#float
float4#!#real
numeric#!#numeric
money#!#money
smallmoney#!#smallmoney
int8#!#bigint
int4#!#int
int2#!#smallint
tinyint#!#tinyint
bit#!#bit
nvarchar#!#nvarchar
nchar#!#nchar
varchar#!#varchar
bpchar#!#char
varbinary#!#varbinary
binary#!#binary
uniqueidentifier#!#uniqueidentifier
text#!#text
ntext#!#ntext
image#!#image
xml#!#xml
decimal#!#decimal
sysname#!#sysname
rowversion#!#timestamp
timestamp#!#timestamp
~~END~~

